Only explicit ordinary functional allowlist. 28 paused cases excluded; independent security review incomplete.
test_checker_and_spec_path_aliases_are_protected_before_host (test_controller_commit.RestrictedCommit.test_checker_and_spec_path_aliases_are_protected_before_host) ... ok
test_crashed_index_sync_recovers_only_recorded_dead_owner_lock (test_controller_commit.RestrictedCommit.test_crashed_index_sync_recovers_only_recorded_dead_owner_lock) ... ok
test_deletion_and_executable_mode (test_controller_commit.RestrictedCommit.test_deletion_and_executable_mode) ... ok
test_exact_binary_manifest_and_index_sync (test_controller_commit.RestrictedCommit.test_exact_binary_manifest_and_index_sync) ... ok
test_identity_is_real_bound_and_mutation_guards_are_local (test_controller_commit.RestrictedCommit.test_identity_is_real_bound_and_mutation_guards_are_local) ... ok
test_native_call_is_not_started_after_outer_deadline (test_controller_commit.RestrictedCommit.test_native_call_is_not_started_after_outer_deadline) ... ok
test_no_checkout_worktree_materializes_nested_binary_executable_target (test_controller_commit.RestrictedCommit.test_no_checkout_worktree_materializes_nested_binary_executable_target) ... ok
test_no_checkout_worktree_preserves_existing_destination (test_controller_commit.RestrictedCommit.test_no_checkout_worktree_preserves_existing_destination) ... ok
test_no_checkout_worktree_preserves_explicit_remote_tracking_target (test_controller_commit.RestrictedCommit.test_no_checkout_worktree_preserves_explicit_remote_tracking_target) ... ok
test_preexisting_native_lock_blocks_prepare (test_controller_commit.RestrictedCommit.test_preexisting_native_lock_blocks_prepare) ... ok
test_unknown_cas_reconciles_read_only_then_exact_index_recovery (test_controller_commit.RestrictedCommit.test_unknown_cas_reconciles_read_only_then_exact_index_recovery) ... ok
test_absent_mode_and_explicit_model_mode_preserve_legacy_tasks (test_controller_commit_capability.CommitModeContracts.test_absent_mode_and_explicit_model_mode_preserve_legacy_tasks) ... ok
test_controller_allows_only_explicit_normalized_file_paths (test_controller_commit_capability.CommitModeContracts.test_controller_allows_only_explicit_normalized_file_paths) ... ok
test_invalid_mode_and_controller_missing_paths_fail_closed (test_controller_commit_capability.CommitModeContracts.test_invalid_mode_and_controller_missing_paths_fail_closed) ... ok
test_controller_probe_logs_and_report_are_bound_and_mode_drift_expires (test_controller_commit_capability.CommitReceiptBinding.test_controller_probe_logs_and_report_are_bound_and_mode_drift_expires) ... ok
test_live_receipt_requires_mode_specific_proof (test_controller_commit_capability.CommitReceiptBinding.test_live_receipt_requires_mode_specific_proof) ... ok
test_simulation_controller_mode_cannot_skip_native_commit_capability (test_controller_commit_capability.CommitReceiptBinding.test_simulation_controller_mode_cannot_skip_native_commit_capability) ... ok
test_actual_native_object_and_both_cas_outcomes_with_cleanup (test_controller_commit_capability.NativeCommitProbe.test_actual_native_object_and_both_cas_outcomes_with_cleanup) ... ok
test_default_model_commit_has_no_model_git_permission_proof (test_controller_commit_capability.NativeCommitProbe.test_default_model_commit_has_no_model_git_permission_proof) ... ok
test_failure_evidence_and_temp_repo_are_preserved (test_controller_commit_capability.NativeCommitProbe.test_failure_evidence_and_temp_repo_are_preserved) ... ok
test_p0_requires_actual_entered_controller_and_keeps_host_gaps (test_controller_commit_capability.NativeCommitProbe.test_p0_requires_actual_entered_controller_and_keeps_host_gaps) ... ok
test_probe_consumes_the_existing_controller_budget (test_controller_commit_capability.NativeCommitProbe.test_probe_consumes_the_existing_controller_budget) ... ok
test_unknown_project_probe_stop_prevents_further_dispatch (test_controller_commit_capability.NativeCommitProbe.test_unknown_project_probe_stop_prevents_further_dispatch) ... ok
test_authorized_recovery_records_actor_once (test_controller_commit_cli.ControllerCommitCLI.test_authorized_recovery_records_actor_once) ... ok
test_commit_mode_default_and_unknown (test_controller_commit_cli.ControllerCommitCLI.test_commit_mode_default_and_unknown) ... ok
test_index_recovery_requires_explicit_authorization (test_controller_commit_cli.ControllerCommitCLI.test_index_recovery_requires_explicit_authorization) ... ok
test_read_only_reconcile_does_not_request_capability_or_write_receipt (test_controller_commit_cli.ControllerCommitCLI.test_read_only_reconcile_does_not_request_capability_or_write_receipt) ... ok
test_stale_capability_prevents_index_recovery (test_controller_commit_cli.ControllerCommitCLI.test_stale_capability_prevents_index_recovery) ... ok

----------------------------------------------------------------------
Ran 28 tests in 21.923s

OK
