test_controller_worker_edits_tests_and_returns_without_outer_dispatch (test_implementation_role_prompt.ImplementationRolePrompt.test_controller_worker_edits_tests_and_returns_without_outer_dispatch) ... ok
test_loop_worker_branch_precedes_outer_controller_route (test_implementation_role_prompt.ImplementationRolePrompt.test_loop_worker_branch_precedes_outer_controller_route) ... ok
test_model_commit_keeps_explicit_existing_commit_responsibility (test_implementation_role_prompt.ImplementationRolePrompt.test_model_commit_keeps_explicit_existing_commit_responsibility) ... ok
test_source_exists_message_does_not_offer_nonexistent_resume (test_implementation_role_prompt.ImplementationRolePrompt.test_source_exists_message_does_not_offer_nonexistent_resume) ... ok
test_blocking_review_never_verifies (test_workflow_audit.WorkflowAudit.test_blocking_review_never_verifies) ... ok
test_capability_drift_during_review_prevents_verified (test_workflow_audit.WorkflowAudit.test_capability_drift_during_review_prevents_verified) ... ok
test_cli_reconcile_cannot_promote_tampered_evidence (test_workflow_audit.WorkflowAudit.test_cli_reconcile_cannot_promote_tampered_evidence) ... ok
test_cli_reconcile_is_idempotent_after_actual_delivery (test_workflow_audit.WorkflowAudit.test_cli_reconcile_is_idempotent_after_actual_delivery) ... ok
test_exhausted_review_attempts_never_fallthrough (test_workflow_audit.WorkflowAudit.test_exhausted_review_attempts_never_fallthrough) ... ok
test_github_local_checks_alone_never_mark_generic_verified (test_workflow_audit.WorkflowAudit.test_github_local_checks_alone_never_mark_generic_verified) ... ok
test_missing_acceptance_review_never_verifies (test_workflow_audit.WorkflowAudit.test_missing_acceptance_review_never_verifies) ... ok
test_missing_native_knowledge_config_refuses_without_mock (test_workflow_audit.WorkflowAudit.test_missing_native_knowledge_config_refuses_without_mock) ... ok
test_mutated_check_log_invalidates_evidence (test_workflow_audit.WorkflowAudit.test_mutated_check_log_invalidates_evidence) ... ok
test_mutated_review_output_invalidates_evidence (test_workflow_audit.WorkflowAudit.test_mutated_review_output_invalidates_evidence) ... ok
test_native_not_ready_cannot_reach_checks_or_review (test_workflow_audit.WorkflowAudit.test_native_not_ready_cannot_reach_checks_or_review) ... ok
test_optional_check_cannot_silently_remove_contract (test_workflow_audit.WorkflowAudit.test_optional_check_cannot_silently_remove_contract) ... ok
test_reissued_capability_receipt_cannot_revive_old_task_evidence (test_workflow_audit.WorkflowAudit.test_reissued_capability_receipt_cannot_revive_old_task_evidence) ... ok
test_simulated_review_allows_verified_but_not_delivery (test_workflow_audit.WorkflowAudit.test_simulated_review_allows_verified_but_not_delivery) ... ok
test_task_change_invalidates_evidence (test_workflow_audit.WorkflowAudit.test_task_change_invalidates_evidence) ... ok
test_weakening_checks_after_approval_blocks_before_execution (test_workflow_audit.WorkflowAudit.test_weakening_checks_after_approval_blocks_before_execution) ... ok

----------------------------------------------------------------------
Ran 20 tests in 6.505s

OK
