test_common_lock_excludes_another_worktree (test_init_project.InitProjectTests.test_common_lock_excludes_another_worktree) ... ok
test_create_consistent_draft_only (test_init_project.InitProjectTests.test_create_consistent_draft_only) ... ok
test_dangling_checkpoint_symlink_is_also_refused (test_init_project.InitProjectTests.test_dangling_checkpoint_symlink_is_also_refused) ... ok
test_default_local_never_uses_remote_or_gh (test_init_project.InitProjectTests.test_default_local_never_uses_remote_or_gh) ... ok
test_dry_run_is_fully_nonmutating (test_init_project.InitProjectTests.test_dry_run_is_fully_nonmutating) ... ok
test_existing_checkpoint_refuses_even_when_lock_is_free (test_init_project.InitProjectTests.test_existing_checkpoint_refuses_even_when_lock_is_free) ... ok
test_github_is_explicit_draft_without_authentication (test_init_project.InitProjectTests.test_github_is_explicit_draft_without_authentication) ... ok
test_harness_symlink_does_not_escape_repo (test_init_project.InitProjectTests.test_harness_symlink_does_not_escape_repo) ... ok
test_interrupted_creation_is_not_repaired_or_overwritten (test_init_project.InitProjectTests.test_interrupted_creation_is_not_repaired_or_overwritten) ... ok
test_lock_symlink_never_truncates_target (test_init_project.InitProjectTests.test_lock_symlink_never_truncates_target) ... ok
test_nonempty_lock_is_preserved (test_init_project.InitProjectTests.test_nonempty_lock_is_preserved) ... ok
test_other_worktree_checkpoint_requires_recovery_even_if_lock_free (test_init_project.InitProjectTests.test_other_worktree_checkpoint_requires_recovery_even_if_lock_free) ... ok
test_repository_directory_alias_reports_canonical_paths (test_init_project.InitProjectTests.test_repository_directory_alias_reports_canonical_paths) ... ok
test_shared_execution_journal_requires_reconciliation (test_init_project.InitProjectTests.test_shared_execution_journal_requires_reconciliation) ... ok
test_simulated_darwin_fails_closed_when_native_api_unavailable (test_init_project.InitProjectTests.test_simulated_darwin_fails_closed_when_native_api_unavailable) ... ok
test_simulated_darwin_native_structure_decodes_type_and_local_flag (test_init_project.InitProjectTests.test_simulated_darwin_native_structure_decodes_type_and_local_flag) ... ok
test_simulated_darwin_requires_local_apfs_or_hfs (test_init_project.InitProjectTests.test_simulated_darwin_requires_local_apfs_or_hfs) ... ok
test_simulated_darwin_uses_dev_fd_and_preserves_actual_lock_exclusion (test_init_project.InitProjectTests.test_simulated_darwin_uses_dev_fd_and_preserves_actual_lock_exclusion) ... ok
test_unknown_or_network_filesystem_is_refused (test_init_project.InitProjectTests.test_unknown_or_network_filesystem_is_refused) ... ok
test_unsupported_os_is_refused (test_init_project.InitProjectTests.test_unsupported_os_is_refused) ... ok
test_user_config_is_preserved_and_needs_review (test_init_project.InitProjectTests.test_user_config_is_preserved_and_needs_review) ... ok

----------------------------------------------------------------------
Ran 21 tests in 2.551s

OK
