test_exhausted_project_budget_cannot_start_host_or_reset_budget (test_p0_dispatch_order.P0DispatchOrder.test_exhausted_project_budget_cannot_start_host_or_reset_budget) ... ok
test_failed_basic_github_access_skips_host (test_p0_dispatch_order.P0DispatchOrder.test_failed_basic_github_access_skips_host) ... ok
test_failed_prerequisite_also_skips_optional_smoke (test_p0_dispatch_order.P0DispatchOrder.test_failed_prerequisite_also_skips_optional_smoke) ... ok
test_free_probes_precede_single_host_dispatch (test_p0_dispatch_order.P0DispatchOrder.test_free_probes_precede_single_host_dispatch) ... ok
test_host_exception_does_not_fabricate_zero_calls (test_p0_dispatch_order.P0DispatchOrder.test_host_exception_does_not_fabricate_zero_calls) ... ok
test_invalid_call_limit_is_diagnosed_before_any_native_probe (test_p0_dispatch_order.P0DispatchOrder.test_invalid_call_limit_is_diagnosed_before_any_native_probe) ... ok
test_invalid_model_is_diagnosed_before_any_native_probe (test_p0_dispatch_order.P0DispatchOrder.test_invalid_model_is_diagnosed_before_any_native_probe) ... ok
test_missing_native_knowledge_skips_host_without_semantic_override (test_p0_dispatch_order.P0DispatchOrder.test_missing_native_knowledge_skips_host_without_semantic_override) ... ok
test_native_failure_skips_all_host_calls (test_p0_dispatch_order.P0DispatchOrder.test_native_failure_skips_all_host_calls) ... ok
test_private_optional_merge_rules_do_not_block_basic_host_drills (test_p0_dispatch_order.P0DispatchOrder.test_private_optional_merge_rules_do_not_block_basic_host_drills) ... ok
test_unknown_prior_stop_dispatches_nothing (test_p0_dispatch_order.P0DispatchOrder.test_unknown_prior_stop_dispatches_nothing) ... ok
test_actual_temp_git_filesystem_parent_child_stop_probe (test_p0.P0ProbeTests.test_actual_temp_git_filesystem_parent_child_stop_probe) ... ok
test_arbitrary_smoke_command_is_refused (test_p0.P0ProbeTests.test_arbitrary_smoke_command_is_refused) ... ok
test_default_does_not_mutate_target_or_enable_ready (test_p0.P0ProbeTests.test_default_does_not_mutate_target_or_enable_ready) ... ok
test_hashes_bind_config_declared_and_observed_environment (test_p0.P0ProbeTests.test_hashes_bind_config_declared_and_observed_environment) ... ok
test_insufficient_probe_budget_blocks_instead_of_resetting (test_p0.P0ProbeTests.test_insufficient_probe_budget_blocks_instead_of_resetting) ... ok
test_invalid_limits_fail_before_any_execution (test_p0.P0ProbeTests.test_invalid_limits_fail_before_any_execution) ... ok
test_local_mode_never_queries_gh (test_p0.P0ProbeTests.test_local_mode_never_queries_gh) ... ok
test_missing_git_fails_without_mutating_repo (test_p0.P0ProbeTests.test_missing_git_fails_without_mutating_repo) ... ok
test_mode_and_host_structure_fail_closed (test_p0.P0ProbeTests.test_mode_and_host_structure_fail_closed) ... ok
test_ready_or_capability_claims_cannot_fill_host_gaps (test_p0.P0ProbeTests.test_ready_or_capability_claims_cannot_fill_host_gaps) ... ok
test_serena_not_called_without_matching_controller (test_p0.P0ProbeTests.test_serena_not_called_without_matching_controller) ... ok
test_target_write_only_under_real_matching_controller (test_p0.P0ProbeTests.test_target_write_only_under_real_matching_controller) ... ok
test_darwin_inner_hostile_symlink_is_still_refused (test_p0_paths.P0ArtifactPathTests.test_darwin_inner_hostile_symlink_is_still_refused) ... ok
test_dotdot_rejected_before_system_alias_normalization (test_p0_paths.P0ArtifactPathTests.test_dotdot_rejected_before_system_alias_normalization) ... ok
test_expected_target_must_exist (test_p0_paths.P0ArtifactPathTests.test_expected_target_must_exist) ... ok
test_linux_does_not_whitelist_darwin_like_symlink (test_p0_paths.P0ArtifactPathTests.test_linux_does_not_whitelist_darwin_like_symlink) ... ok
test_private_target_itself_cannot_be_a_symlink_chain (test_p0_paths.P0ArtifactPathTests.test_private_target_itself_cannot_be_a_symlink_chain) ... ok
test_real_canonical_temp_output_stays_outside_user_project (test_p0_paths.P0ArtifactPathTests.test_real_canonical_temp_output_stays_outside_user_project) ... ok
test_real_inner_symlink_and_escape_are_refused_without_creation (test_p0_paths.P0ArtifactPathTests.test_real_inner_symlink_and_escape_are_refused_without_creation) ... ok
test_unexpected_system_alias_target_is_refused (test_p0_paths.P0ArtifactPathTests.test_unexpected_system_alias_target_is_refused) ... ok
test_verified_darwin_tmp_absolute_target_is_canonicalized (test_p0_paths.P0ArtifactPathTests.test_verified_darwin_tmp_absolute_target_is_canonicalized) ... ok
test_verified_darwin_var_relative_target_is_canonicalized (test_p0_paths.P0ArtifactPathTests.test_verified_darwin_var_relative_target_is_canonicalized) ... ok
test_actual_skill_instruction_edit_expires_receipt (test_capabilities_audit.CapabilitiesAudit.test_actual_skill_instruction_edit_expires_receipt) ... ok
test_copied_host_drill_logs_are_bound_to_receipt (test_capabilities_audit.CapabilitiesAudit.test_copied_host_drill_logs_are_bound_to_receipt) ... ok
test_github_probe_stream_dictionary_is_bound_to_receipt (test_capabilities_audit.CapabilitiesAudit.test_github_probe_stream_dictionary_is_bound_to_receipt) ... ok
test_host_script_and_config_changes_expire_receipt (test_capabilities_audit.CapabilitiesAudit.test_host_script_and_config_changes_expire_receipt) ... ok
test_installed_code_or_dependency_fingerprint_drift_is_rejected (test_capabilities_audit.CapabilitiesAudit.test_installed_code_or_dependency_fingerprint_drift_is_rejected) ... ok
test_live_gate_has_document_backed_operator_acceptance_path (test_capabilities_audit.CapabilitiesAudit.test_live_gate_has_document_backed_operator_acceptance_path) ... ok
test_ready_boolean_without_receipt_is_blocked (test_capabilities_audit.CapabilitiesAudit.test_ready_boolean_without_receipt_is_blocked) ... ok
test_receipt_or_raw_log_tampering_is_rejected (test_capabilities_audit.CapabilitiesAudit.test_receipt_or_raw_log_tampering_is_rejected) ... ok
test_simulation_never_authorizes_default_delivery (test_capabilities_audit.CapabilitiesAudit.test_simulation_never_authorizes_default_delivery) ... ok
test_simulation_rejects_remote_added_after_receipt (test_capabilities_audit.CapabilitiesAudit.test_simulation_rejects_remote_added_after_receipt) ... ok
test_zh_chain_binds_17_dependencies_but_not_unrelated_personal_skill (test_capabilities_audit.CapabilitiesAudit.test_zh_chain_binds_17_dependencies_but_not_unrelated_personal_skill) ... ok
test_zh_chain_missing_dependency_cannot_record_capabilities (test_capabilities_audit.CapabilitiesAudit.test_zh_chain_missing_dependency_cannot_record_capabilities) ... ok
test_auth_failure_blocks_and_preserves_raw_log (test_codex_probe.CodexProbeProtocolTests.test_auth_failure_blocks_and_preserves_raw_log) ... ok
test_cancel_limits_fail_before_any_model_call (test_codex_probe.CodexProbeProtocolTests.test_cancel_limits_fail_before_any_model_call) ... ok
test_cancellation_trace_without_real_owned_child_is_not_proof (test_codex_probe.CodexProbeProtocolTests.test_cancellation_trace_without_real_owned_child_is_not_proof) ... ok
test_explicit_fourth_simulated_owned_cancellation_proof (test_codex_probe.CodexProbeProtocolTests.test_explicit_fourth_simulated_owned_cancellation_proof) ... ok
test_explicit_one_call_budget_never_starts_review_or_resume (test_codex_probe.CodexProbeProtocolTests.test_explicit_one_call_budget_never_starts_review_or_resume) ... ok
test_independent_review_requires_new_session_actual_reads_and_bug (test_codex_probe.CodexProbeProtocolTests.test_independent_review_requires_new_session_actual_reads_and_bug) ... ok
test_json_parser_rejects_missing_and_conflicting_session_events (test_codex_probe.CodexProbeProtocolTests.test_json_parser_rejects_missing_and_conflicting_session_events) ... ok
test_missing_or_invalid_model_budget_blocks_before_calls_or_artifacts (test_codex_probe.CodexProbeProtocolTests.test_missing_or_invalid_model_budget_blocks_before_calls_or_artifacts) ... ok
test_optional_smoke_has_same_model_guard_and_records_explicit_policy (test_codex_probe.CodexProbeProtocolTests.test_optional_smoke_has_same_model_guard_and_records_explicit_policy) ... ok
test_output_inside_user_project_requires_matching_controller (test_codex_probe.CodexProbeProtocolTests.test_output_inside_user_project_requires_matching_controller) ... ok
test_p0_integration_gates_real_calls_and_never_fake_readiness (test_codex_probe.CodexProbeProtocolTests.test_p0_integration_gates_real_calls_and_never_fake_readiness) ... ok
test_p0_missing_explicit_model_never_starts_model (test_codex_probe.CodexProbeProtocolTests.test_p0_missing_explicit_model_never_starts_model) ... ok
test_real_child_without_command_trace_is_not_host_proof (test_codex_probe.CodexProbeProtocolTests.test_real_child_without_command_trace_is_not_host_proof) ... ok
test_resume_must_recall_original_nonce (test_codex_probe.CodexProbeProtocolTests.test_resume_must_recall_original_nonce) ... ok
test_simulated_protocol_success_three_calls_and_hashes (test_codex_probe.CodexProbeProtocolTests.test_simulated_protocol_success_three_calls_and_hashes) ... ok
test_smoke_and_host_drills_are_rejected_together_before_execution (test_codex_probe.CodexProbeProtocolTests.test_smoke_and_host_drills_are_rejected_together_before_execution) ... ok
test_wrong_start_marker_is_not_success (test_codex_probe.CodexProbeProtocolTests.test_wrong_start_marker_is_not_success) ... ok
test_absent_mode_and_explicit_model_mode_preserve_legacy_tasks (test_controller_commit_capability.CommitModeContracts.test_absent_mode_and_explicit_model_mode_preserve_legacy_tasks) ... ok
test_controller_allows_only_explicit_normalized_file_paths (test_controller_commit_capability.CommitModeContracts.test_controller_allows_only_explicit_normalized_file_paths) ... ok
test_invalid_mode_and_controller_missing_paths_fail_closed (test_controller_commit_capability.CommitModeContracts.test_invalid_mode_and_controller_missing_paths_fail_closed) ... ok
test_controller_probe_logs_and_report_are_bound_and_mode_drift_expires (test_controller_commit_capability.CommitReceiptBinding.test_controller_probe_logs_and_report_are_bound_and_mode_drift_expires) ... ok
test_live_receipt_requires_mode_specific_proof (test_controller_commit_capability.CommitReceiptBinding.test_live_receipt_requires_mode_specific_proof) ... ok
test_simulation_controller_mode_cannot_skip_native_commit_capability (test_controller_commit_capability.CommitReceiptBinding.test_simulation_controller_mode_cannot_skip_native_commit_capability) ... ok

----------------------------------------------------------------------
Ran 68 tests in 21.952s

OK
